Constant1
Constant1
Constant1
Constant1
<%=variable2%>
<%=variable3%>

#prefixed variables

<c:out value="${variable1}"></c:out>
<c:out value="${ variable1 }"></c:out>
<c:out2 value="${variable2}"></c:out3>
<c:out3 value="${variable3}"></c:out2>
<d:out value="${variable3}"></d:out>