<%=variable1%>
<%= variable1%>
<%=   variable1%>
<%=vAriABle1%>
<%=variable2%>
<%=variable3%>

#prefixed variables

prefixed Constant1
prefixed Constant1
<c:out2 value="${variable2}"></c:out3>
<c:out3 value="${variable3}"></c:out2>
<d:out value="${variable3}"></d:out>