<html>

  

  Constant Number 1
  Constant Number 2
  Constant Number 3
  prefixed Constant1
  prefixed Constant2

  <body>
    
    <div>
      Valor
    </div>

  </body>

</html>
